// Jest Snapshot v1, https://goo.gl/fbAQLP

exports[`Note component should button has class "btn-success" when completed 1`] = `
<div
  className="row mt-1"
>
  <div
    className="col d-flex justify-content-between align-items-stretch"
  >
    <div>
      <button
        className="btn btn-do btn-success"
        onClick={[Function]}
      >
        <ion-icon
          name="checkmark"
        />
      </button>
    </div>
    <div
      className="border-top border-bottom p-1 px-3 flex-grow-1"
    >
      buy milk
    </div>
    <div>
      <button
        className="btn btn-danger btn-del"
        onClick={[Function]}
      >
        <ion-icon
          name="trash"
        />
      </button>
    </div>
  </div>
</div>
`;
